[cumby.com/index.html]
[backblue.gif]
[fade.gif]
[index.html]
[cumby.com/wp-content/themes/wscumby/images/favicon.png]
[cumby.com/wp-content/themes/wscumby/screenshot.jpg]
[use.typekit.net/xgi8voe.css]
[cumby.com/wp-content/themes/wscumby/css/normalize.css]
[cumby.com/wp-content/themes/wscumby/css/icons.css]
[cumby.com/wp-content/themes/wscumby/style.css]
[cumby.com/wp-includes/css/dist/block-library/style.min5b21.css]
[cdn.jsdelivr.net/fontawesome/4.7.0/css/font-awesome.min5b21.css]
[cumby.com/feed/index.html]
[cumby.com/comments/feed/index.html]
[cumby.com/wp-json/index.html]
[cumby.com/wp-json/wp/v2/pages/6.json]
[cumby.com/wp-includes/wlwmanifest.xml]
[cumby.com/wp-json/oembed/1.0/embed0a44.json]
[cumby.com/wp-json/oembed/1.0/embed0b10]
[cumby.com/wp-content/themes/wscumby/images/cumby-40-text.svg]
[cumby.com/wp-content/themes/wscumby/images/cumby-40-text-gold.svg]
[cumby.com/wp-content/themes/wscumby/images/menu-lockup@2x.png]
[cumby.com/news/index.html]
[cumby.com/wp-content/uploads/2019/09/shipley1-2.jpg]
[cumby.com/our-company/index.html]
[cumby.com/projects/index.html]
[cumby.com/projects/religious/index.html]
[cumby.com/wp-content/uploads/2018/02/home-hero2.jpg]
[cumby.com/projects/k-12-education/index.html]
[cumby.com/projects/academic/index.html]
[cumby.com/wp-content/uploads/2018/02/home-hero3.jpg]
[cumby.com/projects/historic/index.html]
[cumby.com/projects/hospital-healthcare/index.html]
[cumby.com/wp-content/uploads/2019/09/NPPR3-1-2-1.jpg]
[cumby.com/projects/museums-performing-arts/index.html]
[cumby.com/projects/multifamily/index.html]
[cumby.com/projects/clubs-leisure/index.html]
[cumby.com/projects/senior-living/index.html]
[cumby.com/wp-content/themes/wscumby/images/home-video-spacer.png]
[cumby.com/projects/corporate/index.html]
[cumby.com/wp-content/uploads/2022/01/home-video-still@2x.jpg]
[cumby.com/projects/leed-green-building/index.html]
[cumby.com/services/index.html]
[cumby.com/services/pre-construction/index.html]
[cumby.com/services/construction/index.html]
[cumby.com/services/design-build/index.html]
[cumby.com/services/virtual-design-construction/index.html]
[cumby.com/services/high-performance-sustainable-building/index.html]
[cumby.com/services/special-projects/index.html]
[cumby.com/wp-content/themes/wscumby/images/cumby40-logo.svg]
[cumby.com/contact/index.html]
[cumby.com/subcontractors/index.html]
[cumby.com/wp-content/uploads/2022/03/Church-of-the-Redeemer-1660.jpg]
[cumby.com/careers/index.html]
[cumby.com/wp-content/themes/wscumby/images/proj-spacer-slot1.png]
[cumby.com/wp-content/uploads/2022/03/Haverford-1660.jpg]
[cumby.com/wp-content/themes/wscumby/images/proj-spacer-slot2.png]
[cumby.com/wp-content/uploads/2022/03/Episcopal-Academy-dining-1660-2.jpg]
[cumby.com/wp-content/themes/wscumby/images/proj-spacer-slot3.png]
[cumby.com/wp-content/uploads/2019/09/DSC_0041-2.jpg]
[cumby.com/wp-content/themes/wscumby/images/proj-spacer-slot4.png]
[cumby.com/wp-content/uploads/2022/03/PATH-1660-3.jpg]
[cumby.com/wp-content/themes/wscumby/images/svg/pattern2.svg]
[cumby.com/wp-content/themes/wscumby/images/svg/pattern3.svg]
[cumby.com/wp-content/uploads/2018/02/home-history.jpg]
[cumby.com/wp-content/themes/wscumby/images/history-lockup@2x.png]
[cumby.com/wp-content/themes/wscumby/images/services-spacer.png]
[cumby.com/wp-content/uploads/2018/02/home-services1.jpg]
[cumby.com/wp-content/uploads/2018/02/home-services2.jpg]
[cumby.com/wp-content/uploads/2018/02/home-services3.jpg]
[cumby.com/wp-content/uploads/2018/02/home-services4.jpg]
[cumby.com/wp-content/uploads/2018/02/home-services5.jpg]
[cumby.com/wp-content/uploads/2018/02/home-services6.jpg]
[cumby.com/wp-content/uploads/2018/02/home-service-icon1.png]
[cumby.com/wp-content/uploads/2018/02/home-service-icon2.png]
[cumby.com/wp-content/uploads/2018/02/home-service-icon3.png]
[cumby.com/wp-content/uploads/2018/02/home-service-icon4.png]
[cumby.com/wp-content/uploads/2018/02/home-service-icon5.png]
[cumby.com/wp-content/uploads/2018/02/home-service-icon6.png]
[cumby.com/wp-content/themes/wscumby/images/home-news-spacer1.png]
[ajax.googleapis.com/ajax/libs/jquery/3.1.1/jquery.min.js]
[cumby.com/wp-content/themes/wscumby/images/svg/pattern-footer.svg]
[cdnjs.cloudflare.com/ajax/libs/gsap/latest/TweenMax.min.js]
[cumby.com/wp-content/themes/wscumby/js/CustomEase.js]
[cumby.com/wp-content/themes/wscumby/js/DrawSVGPlugin.js]
[cumby.com/index.html]
[cumby.com/wp-content/themes/wscumby/js/wscumby.js]
[use.typekit.net/af/c225e2/000000000000000000011aff/27/l652f]
[use.typekit.net/af/c225e2/000000000000000000011aff/27/d652f]
[use.typekit.net/af/c225e2/000000000000000000011aff/27/a652f]
[use.typekit.net/af/c5ee9a/0000000000000000000157a9/27/l652f]
[use.typekit.net/af/c5ee9a/0000000000000000000157a9/27/d652f]
[use.typekit.net/af/c5ee9a/0000000000000000000157a9/27/a652f]
[use.typekit.net/af/ae3a38/0000000000000000000157af/27/le003]
[use.typekit.net/af/ae3a38/0000000000000000000157af/27/de003]
[use.typekit.net/af/ae3a38/0000000000000000000157af/27/ae003]
[use.typekit.net/af/c07bfb/0000000000000000000157b1/27/le196]
[use.typekit.net/af/c07bfb/0000000000000000000157b1/27/de196]
[use.typekit.net/af/c07bfb/0000000000000000000157b1/27/ae196]
[use.typekit.net/af/7eae32/0000000000000000000157b2/27/lfdcc]
[use.typekit.net/af/7eae32/0000000000000000000157b2/27/dfdcc]
[use.typekit.net/xgi8voe.css]
[cumby.com/wp-content/themes/wscumby/css/normalize.css]
[use.typekit.net/af/7eae32/0000000000000000000157b2/27/afdcc]
[cumby.com/wp-content/themes/wscumby/css/fonts/icomoon5116.eot]
[cumby.com/wp-content/themes/wscumby/css/fonts/icomoon5116.woff2]
[cumby.com/wp-content/themes/wscumby/css/fonts/icomoon5116.ttf]
[cumby.com/wp-content/themes/wscumby/css/fonts/icomoon5116.woff]
[cumby.com/wp-content/themes/wscumby/css/icons.css]
[cumby.com/wp-content/themes/wscumby/style.css]
[cumby.com/wp-includes/css/dist/block-library/style.min5b21.css]
[cdn.jsdelivr.net/fontawesome/4.7.0/css/font-awesome.min5b21.css]
[cumby.com/xmlrpc0db0.html]
[cumby.com/wp-content/themes/wscumby/images/cumby-40-text.svg]
[cumby.com/wp-content/themes/wscumby/images/cumby-40-text-gold.svg]
[cumby.com/wp-content/themes/wscumby/css/fonts/icomoon5116.svg]
[cumby.com/wp-json/wp/v2/pages/42.json]
[cumby.com/wp-json/oembed/1.0/embed623d.json]
[cumby.com/wp-json/oembed/1.0/embedf2f5]
[cumby.com/wp-content/uploads/2022/10/Top-Golf-3-cropped.jpg]
[cumby.com/wp-content/themes/wscumby/images/grid-spacer-slot1.png]
[cumby.com/wp-content/uploads/2022/10/bbq-9.jpg]
[cumby.com/top-golf/index.html]
[cumby.com/wp-content/themes/wscumby/images/grid-spacer-slot2.png]
[cumby.com/wp-content/uploads/2022/10/Cinco-8.jpg]
[cumby.com/news/index.html]
[cumby.com/cumby-summer-bbq/index.html]
[cumby.com/cinco-de-mayo-fiesta-at-w-s-cumby/index.html]
[cumby.com/wp-json/wp/v2/pages/8.json]
[cumby.com/wp-json/oembed/1.0/embed3fe4.json]
[cumby.com/wp-json/oembed/1.0/embed0679]
[cumby.com/wp-content/uploads/2018/02/people-hero.jpg]
[cumby.com/wp-content/uploads/2018/03/fg_180219_2680r-3.jpg]
[cumby.com/wp-content/uploads/2018/03/fg_180219_2473-3.jpg]
[cumby.com/wp-content/uploads/2018/03/fg_180219_2606-1.jpg]
[cumby.com/wp-content/uploads/2018/04/2016_06_15_SwaInn13_A-1.jpg]
[cumby.com/wp-content/uploads/2018/04/billjr_square-1.jpg]
[cumby.com/wp-content/uploads/2018/04/bill3_square-1.jpg]
[cumby.com/wp-content/uploads/2018/04/craig_square-1.jpg]
[cumby.com/wp-content/uploads/2018/04/mjb_square-1.jpg]
[cumby.com/wp-content/themes/wscumby/images/grid-spacer-slot4.png]
[cumby.com/wp-content/uploads/2018/04/mob_square-1.jpg]
[cumby.com/wp-content/uploads/2018/04/mab_square-1.jpg]
[cumby.com/wp-content/uploads/2022/04/WS-Cumby-PATH-Building-19-1660-x-924.jpg]
[cumby.com/wp-content/themes/wscumby/images/team-spacer-slot1.png]
[cumby.com/wp-content/uploads/2022/04/fg_180327_6905-1660-x-924.jpg]
[cumby.com/wp-content/uploads/2022/04/20141027-_dsc1847-274-x-368.jpg]
[cumby.com/our-company/index.html]
[cumby.com/projects/religious/church-of-the-redeemer/index.html]
[cumby.com/projects/historic/smith-memorial-playhouse-playground/index.html]
[cumby.com/projects/hospital-healthcare/path/index.html]
[cumby.com/projects/k-12-education/dining-hall-episcopal-academy/index.html]
[cumby.com/wp-json/wp/v2/pages/10.json]
[cumby.com/projects/clubs-leisure/merion-cricket-club/index.html]
[cumby.com/projects/historic/the-mansion-building/index.html]
[cumby.com/projects/academic/the-inn-at-swarthmore/index.html]
[cumby.com/projects/k-12-education/learning-and-resource-center/index.html]
[cumby.com/wp-json/oembed/1.0/embede527.json]
[cumby.com/projects/religious/trinity-episcopal-church/index.html]
[cumby.com/projects/academic/dana-hallowell-residence-hall/index.html]
[cumby.com/projects/k-12-education/student-commons-and-arts-center/index.html]
[cumby.com/projects/historic/kidzoou/index.html]
[cumby.com/wp-json/oembed/1.0/embed1807]
[cumby.com/projects/academic/kim-tritton-residence-halls/index.html]
[cumby.com/projects/leed-green-building/morris-arboretum-horticulture-center/index.html]
[cumby.com/wp-content/uploads/2018/02/project-detail-hav-hero.jpg]
[cumby.com/projects/senior-living/the-glasstown-residence-at-river-park/index.html]
[cumby.com/projects/k-12-education/mollie-dodd-anderson-library/index.html]
[cumby.com/projects/corporate/dansko-corporate-headquarters/index.html]
[cumby.com/wp-content/uploads/2022/03/PATH-vertical.jpg]
[cumby.com/index72bd.html]
[cumby.com/projects/religious/st-davids-episcopal-church/index.html]
[cumby.com/wp-content/uploads/2022/03/Redeemer-vertical.jpg]
[cumby.com/projects/religious/bryn-mawr-presbyterian-church/index.html]
[cumby.com/wp-content/uploads/2018/03/Andy-Shelter-April.jpg]
[cumby.com/projects/corporate/barthco-international-inc/index.html]
[cumby.com/wp-content/uploads/2018/03/20140610-C81_4695.jpg]
[cumby.com/wp-content/themes/wscumby/images/lockup.svg]
[cumby.com/wp-content/uploads/2018/03/Side-of-Hort-Center-Paul-Meyer.jpg]
[cumby.com/wp-content/uploads/2022/03/Waverly-Heights-1660-x-921.jpg]
[cumby.com/projects/index.html]
[cumby.com/wp-json/wp/v2/pages/16.json]
[cumby.com/wp-json/oembed/1.0/embed3725.json]
[cumby.com/wp-json/oembed/1.0/embeda59b]
[cumby.com/wp-content/uploads/2022/04/WS-Cumby-Church-of-the-Redeemer-100-1660-x-920.jpg]
[cumby.com/wp-content/uploads/2022/04/SSJ-Chapel-05s-1660-x-920.jpg]
[cumby.com/wp-content/uploads/2018/03/Overall_Interior.jpg]
[cumby.com/wp-content/uploads/2018/03/100305-01.jpg]
[cumby.com/wp-content/uploads/2018/03/20151209-C81_9762.jpg]
[cumby.com/wp-content/uploads/2018/03/Exterior_overall.jpg]
[cumby.com/wp-content/uploads/2018/03/2007JT66.401.jpg]
[cumby.com/projects/religious/index.html]
[cumby.com/wp-json/wp/v2/pages/1937.json]
[cumby.com/wp-json/oembed/1.0/embed711b.json]
[cumby.com/wp-json/oembed/1.0/embed9fdb]
[cumby.com/wp-content/uploads/2022/03/Woodlynde-school-1660-1.jpg]
[cumby.com/wp-content/uploads/2022/03/EA-Dining-1660.jpg]
[cumby.com/wp-content/uploads/2022/03/313717974466066684-2019-01-11-diggsfs04-b.0.1036.6000.3468.full_.jpg]
[cumby.com/wp-content/uploads/2022/03/Shipley-School-1660-1.jpg]
[cumby.com/wp-content/uploads/2022/03/SCRC-04-student-commons-2.jpg]
[cumby.com/wp-content/uploads/2022/03/647320129869563160-2019-01-04-digfcs01-a.0.686.6000.3413.full_.jpg]
[cumby.com/wp-content/uploads/2018/03/29-546-K-RT8.5x11.jpg]
[cumby.com/projects/k-12-education/index.html]
[cumby.com/wp-json/wp/v2/pages/12.json]
[cumby.com/wp-json/oembed/1.0/embed377f.json]
[cumby.com/wp-json/oembed/1.0/embeda79d]
[cumby.com/wp-content/uploads/2022/04/2017_11_10DigSwa11_A-1660-x-920.jpg]
[cumby.com/wp-content/uploads/2022/04/1455_05-1660-x-920.jpg]
[cumby.com/wp-content/uploads/2018/03/2016_06_15_SwaInn13_A.jpg]
[cumby.com/wp-content/uploads/2018/03/Swarthmore-3a.jpg]
[cumby.com/wp-content/uploads/2018/03/StevenHollArchitects_IAS_WestEntry_WH.jpg]
[cumby.com/projects/academic/index.html]
[cumby.com/wp-json/wp/v2/pages/20.json]
[cumby.com/wp-json/oembed/1.0/embede4cb.json]
[cumby.com/wp-json/oembed/1.0/embedc3da]
[cumby.com/wp-content/uploads/2022/03/Smith-Playhouse-1660-x-921-2.jpg]
[cumby.com/wp-content/uploads/2018/03/20171021-DSC_1580-ps-pc.jpg]
[cumby.com/wp-content/uploads/2022/04/091019-09_web-1660-x-920.jpg]
[cumby.com/wp-content/uploads/2022/04/29-543-A-RT8.5x11-1660-x-920.jpg]
[cumby.com/wp-content/uploads/2018/03/KidZooU-1_west-view-with-climb_copyright-SMP.jpg]
[cumby.com/projects/historic/index.html]
[cumby.com/wp-json/wp/v2/pages/1941.json]
[cumby.com/wp-json/oembed/1.0/embed0ad2.json]
[cumby.com/wp-json/oembed/1.0/embedc1c2]
[cumby.com/wp-content/uploads/2022/03/Eagleville-1660-x-921-3.jpg]
[cumby.com/wp-content/uploads/2022/03/PATH-1660-x-921-2.jpg]
[cumby.com/projects/hospital-healthcare/index.html]
[cumby.com/wp-json/wp/v2/pages/1945.json]
[cumby.com/wp-json/oembed/1.0/embed10fa.json]
[cumby.com/wp-json/oembed/1.0/embed7d4d]
[cumby.com/wp-content/uploads/2022/03/ArtYard-1660-x-921.jpg]
[cumby.com/wp-content/uploads/2018/03/1.jpg]
[cumby.com/projects/museums-performing-arts/index.html]
[cumby.com/wp-json/wp/v2/pages/1948.json]
[cumby.com/wp-json/oembed/1.0/embedfd6b.json]
[cumby.com/wp-json/oembed/1.0/embedd024]
[cumby.com/wp-content/uploads/2022/03/waynesborough-1660-x-921.jpg]
[cumby.com/wp-content/uploads/2018/03/DSC_0041.jpg]
[cumby.com/wp-content/uploads/2022/03/Pine-Valley-1660-x-921.jpg]
[cumby.com/wp-content/uploads/2022/03/Philadelphia-Country-Club-Dining-Room-1660-x-921.jpg]
[cumby.com/projects/clubs-leisure/index.html]
[cumby.com/wp-json/wp/v2/pages/22.json]
[cumby.com/wp-json/oembed/1.0/embed6f86.json]
[cumby.com/wp-json/oembed/1.0/embede663]
[cumby.com/wp-content/uploads/2022/04/Dane-penthouse-lounge-1660-x-920.png]
[cumby.com/wp-content/uploads/2022/04/201516-17_-_edt_1058_700-1660-x-920.jpg]
[cumby.com/wp-content/uploads/2022/04/DSC_0132-1660-x-920.jpg]
[cumby.com/projects/multifamily/index.html]
[cumby.com/wp-json/wp/v2/pages/26.json]
[cumby.com/wp-json/oembed/1.0/embed089f.json]
[cumby.com/wp-json/oembed/1.0/embedb5a1]
[cumby.com/wp-content/uploads/2022/04/WH_CarlsonCommons_9612-1660-x-920.jpg]
[cumby.com/wp-content/uploads/2022/04/180417_411-1660-x-920.jpg]
[cumby.com/wp-content/uploads/2022/04/Exterior3-1660-x-920.jpg]
[cumby.com/wp-content/uploads/2018/03/Beaumont-@-Bryn.jpg]
[cumby.com/wp-content/uploads/2018/03/RL_GF_090511_0075_S.jpg]
[cumby.com/wp-content/uploads/2018/03/ford3img-5.jpg]
[cumby.com/wp-content/uploads/2018/03/080620-05.jpg]
[cumby.com/projects/senior-living/index.html]
[cumby.com/wp-json/wp/v2/pages/14.json]
[cumby.com/wp-json/oembed/1.0/embed4a54.json]
[cumby.com/wp-json/oembed/1.0/embed1755]
[cumby.com/wp-content/uploads/2022/03/Next-Fab-1660-x-921-2.jpg]
[cumby.com/wp-content/uploads/2018/03/NextFab_115P2.jpg]
[cumby.com/wp-content/uploads/2018/03/i-9qnz4cd.jpg]
[cumby.com/wp-content/uploads/2018/03/5.jpg]
[cumby.com/wp-content/uploads/2018/03/016.jpg]
[cumby.com/wp-content/uploads/2018/03/Lobby_2.jpg]
[cumby.com/wp-content/uploads/2018/03/03a.jpg]
[cumby.com/wp-content/uploads/2018/03/i-8tzTHSK.jpg]
[cumby.com/wp-content/uploads/2018/03/080709-26.jpg]
[cumby.com/wp-content/uploads/2018/03/ws_cumby_photo16.jpg]
[cumby.com/projects/corporate/index.html]
[cumby.com/wp-json/wp/v2/pages/24.json]
[cumby.com/wp-json/oembed/1.0/embedbb63.json]
[cumby.com/wp-json/oembed/1.0/embed8941]
[cumby.com/wp-content/uploads/2018/03/HR_1113-25b.jpg]
[cumby.com/wp-content/uploads/2018/03/Classroom.jpg]
[cumby.com/wp-content/uploads/2018/03/090305-05.jpg]
[cumby.com/projects/leed-green-building/index.html]
[cumby.com/wp-json/wp/v2/pages/28.json]
[cumby.com/wp-json/oembed/1.0/embeddfde.json]
[cumby.com/services/index.html]
[cumby.com/wp-json/oembed/1.0/embed02d0]
[cumby.com/wp-json/wp/v2/pages/30.json]
[cumby.com/wp-json/oembed/1.0/embedfa07.json]
[cumby.com/wp-json/oembed/1.0/embed6087]
[cumby.com/wp-content/uploads/2018/02/service-icon-menu1.svg]
[cumby.com/wp-content/uploads/2018/02/service-icon-menu2.svg]
[cumby.com/wp-content/uploads/2018/02/service-icon-menu3.svg]
[cumby.com/wp-content/uploads/2018/02/service-icon-menu4.svg]
[cumby.com/wp-content/uploads/2018/02/service-icon-menu5.svg]
[cumby.com/wp-content/uploads/2018/02/service-icon-menu6.svg]
[cumby.com/wp-content/uploads/2018/02/service-hero1.jpg]
[cumby.com/wp-content/uploads/2018/02/service-icons-hero1.svg]
[cumby.com/wp-content/uploads/2018/02/service-img1.jpg]
[cumby.com/wp-content/uploads/2018/02/service-img2.jpg]
[cumby.com/wp-content/uploads/2018/02/case-study_Shipley-School.jpg]
[cumby.com/wp-content/themes/wscumby/images/svg/pattern1.svg]
[cumby.com/wp-content/uploads/2018/02/service-img3.jpg]
[cumby.com/wp-content/uploads/2018/02/service-img4.jpg]
[cumby.com/wp-content/uploads/2018/02/service-case2.jpg]
[cumby.com/services/pre-construction/index.html]
[cumby.com/wp-content/uploads/2018/02/service-icons-includes1.svg]
[cumby.com/wp-json/wp/v2/pages/32.json]
[cumby.com/wp-json/oembed/1.0/embedca65.json]
[cumby.com/wp-json/oembed/1.0/embed1601]
[cumby.com/wp-content/uploads/2018/02/service-hero2.jpg]
[cumby.com/wp-content/uploads/2018/02/service-icons-hero2.svg]
[cumby.com/wp-content/uploads/2018/02/const3.jpg]
[cumby.com/wp-content/uploads/2018/02/const4.jpg]
[cumby.com/wp-content/uploads/2018/02/hallowell.jpg]
[cumby.com/wp-content/uploads/2018/02/const1-1.jpg]
[cumby.com/wp-content/uploads/2018/02/const2.jpg]
[cumby.com/wp-content/uploads/2018/02/cricket.jpg]
[cumby.com/services/construction/index.html]
[cumby.com/wp-content/uploads/2018/02/service-icons-includes2.svg]
[cumby.com/wp-json/wp/v2/pages/34.json]
[cumby.com/wp-json/oembed/1.0/embed14d1.json]
[cumby.com/wp-json/oembed/1.0/embed6b3a]
[cumby.com/wp-content/uploads/2018/03/service-hero3.jpg]
[cumby.com/wp-content/uploads/2018/02/service-icons-hero3.svg]
[cumby.com/wp-content/uploads/2018/02/design1.jpg]
[cumby.com/wp-content/uploads/2018/02/design3.jpg]
[cumby.com/wp-content/uploads/2018/02/benchmark.jpg]
[cumby.com/wp-content/uploads/2018/02/design6.jpg]
[cumby.com/wp-content/uploads/2018/02/design5.jpg]
[cumby.com/wp-content/uploads/2018/02/rvcc.jpg]
[cumby.com/services/design-build/index.html]
[cumby.com/wp-content/uploads/2018/02/service-icons-includes3.svg]
[cumby.com/wp-json/wp/v2/pages/36.json]
[cumby.com/wp-json/oembed/1.0/embedd7a0.json]
[cumby.com/wp-json/oembed/1.0/embedbfb2]
[cumby.com/wp-content/uploads/2018/02/service-hero4.jpg]
[cumby.com/wp-content/uploads/2018/02/service-icons-hero5.svg]
[cumby.com/wp-content/uploads/2018/03/vdc1.jpg]
[cumby.com/wp-content/uploads/2018/03/vdc2.jpg]
[cumby.com/wp-content/uploads/2018/03/Swarthmore-3-cs.jpg]
[cumby.com/wp-content/uploads/2018/03/vdc3.jpg]
[cumby.com/wp-content/uploads/2018/03/vdc4.jpg]
[cumby.com/services/virtual-design-construction/index.html]
[cumby.com/wp-content/uploads/2018/02/service-icons-includes4.svg]
[cumby.com/wp-json/wp/v2/pages/38.json]
[cumby.com/wp-json/oembed/1.0/embed63ac.json]
[cumby.com/wp-json/oembed/1.0/embeda4a2]
[cumby.com/wp-content/uploads/2018/02/service-hero5.jpg]
[cumby.com/wp-content/uploads/2018/02/service-icons-hero4.svg]
[cumby.com/wp-content/uploads/2018/02/high1.jpg]
[cumby.com/wp-content/uploads/2018/02/high2.jpg]
[cumby.com/wp-content/uploads/2018/02/stonybrook.jpg]
[cumby.com/wp-content/uploads/2018/02/high3.jpg]
[cumby.com/wp-content/uploads/2018/02/high4.jpg]
[cumby.com/wp-content/uploads/2018/02/princeton.jpg]
[cumby.com/services/high-performance-sustainable-building/index.html]
[cumby.com/wp-content/uploads/2018/02/service-icons-includes5.svg]
[cumby.com/wp-json/wp/v2/pages/40.json]
[cumby.com/wp-json/oembed/1.0/embedb491.json]
[cumby.com/wp-json/oembed/1.0/embed2172]
[cumby.com/wp-content/uploads/2018/02/service-hero6.jpg]
[cumby.com/wp-content/uploads/2018/02/service-icons-hero6.svg]
[cumby.com/wp-content/uploads/2018/02/special1.jpg]
[cumby.com/wp-content/uploads/2018/02/special2.jpg]
[cumby.com/wp-content/uploads/2018/02/haverford.jpg]
[cumby.com/wp-content/uploads/2018/02/special3.jpg]
[cumby.com/wp-content/uploads/2018/02/special4.jpg]
[cumby.com/wp-content/uploads/2018/02/sesame.jpg]
[cumby.com/services/special-projects/index.html]
[cumby.com/wp-content/uploads/2018/02/service-icons-includes6.svg]
[cumby.com/wp-json/wp/v2/pages/44.json]
[cumby.com/wp-json/oembed/1.0/embed2aa9.json]
[cumby.com/wp-json/oembed/1.0/embed7fbb]
[cumby.com/contact/index.html]
[cumby.com/wp-content/themes/wscumby/images/svg/pattern1-dark.svg]
[cumby.com/see-whats-bidding/index.html]
[cumby.com/prequalification-form/index.html]
[cumby.com/wp-json/wp/v2/pages/399.json]
[cumby.com/wp-json/oembed/1.0/embedf885.json]
[cumby.com/subcontractors/index.html]
[cumby.com/wp-json/oembed/1.0/embedfcc5]
[cumby.com/wp-json/wp/v2/pages/1437.json]
[cumby.com/wp-json/oembed/1.0/embed0724.json]
[cumby.com/careers/index.html]
[cumby.com/wp-content/themes/wscumby/images/play-tri.svg]
[cumby.com/wp-content/themes/wscumby/images/cumby40-logo.svg]
[cumby.com/wp-content/themes/wscumby/images/svg/pattern2.svg]
[cumby.com/wp-content/themes/wscumby/images/svg/pattern3.svg]
[cumby.com/wp-content/themes/wscumby/images/svg/pattern-footer.svg]
[p.typekit.net/pe719.css]
[cumby.com/wp-json/oembed/1.0/embed49db]
[cumby.com/wp-content/themes/wscumby/css/fonts/icomoon5116.svg]
[cumby.com/indexfbd5.html]
[cumby.com/wp-json/wp/v2/posts/2169.json]
[cumby.com/top-golf/feed/index.html]
[cumby.com/wp-json/oembed/1.0/embed5a7e.json]
[cumby.com/wp-json/oembed/1.0/embedaa97]
[cumby.com/wp-content/uploads/2022/10/tg-1-rotated.jpg]
[cumby.com/wp-content/uploads/2022/10/tg4-rotated.jpg]
[cumby.com/wp-content/uploads/2022/10/tg34-rotated.jpg]
[cumby.com/wp-content/uploads/2022/10/tg11-rotated.jpg]
[cumby.com/wp-content/uploads/2022/10/tg27-rotated.jpg]
[cumby.com/wp-content/uploads/2022/10/tg25-rotated.jpg]
[cumby.com/wp-content/uploads/2022/10/tg16-rotated.jpg]
[cumby.com/wp-content/uploads/2022/10/tg15-rotated.jpg]
[cumby.com/wp-content/uploads/2022/10/tg21.jpg]
[cumby.com/wp-content/uploads/2022/10/tg17.jpg]
[cumby.com/wp-content/uploads/2022/10/tg23-rotated.jpg]
[cumby.com/wp-content/uploads/2022/10/tg13-rotated.jpg]
[cumby.com/wp-content/themes/wscumby/images/home-news-spacer2.png]
[cumby.com/top-golf/index.html]
[cumby.com/wp-json/wp/v2/posts/2164.json]
[cumby.com/cumby-summer-bbq/feed/index.html]
[cumby.com/wp-json/oembed/1.0/embed1556.json]
[cumby.com/wp-json/oembed/1.0/embed1c08]
[cumby.com/wp-content/uploads/2022/10/bbq-7-rotated.jpg]
[cumby.com/wp-content/uploads/2022/10/bbq-5.html]
[cumby.com/cumby-summer-bbq/index.html]
[cumby.com/cinco-de-mayo-fiesta-at-w-s-cumby/index.html]
[cumby.com/index2df4.html]
[cumby.com/projects/religious/church-of-the-redeemer/index.html]
[cumby.com/projects/historic/smith-memorial-playhouse-playground/index.html]
[cumby.com/projects/hospital-healthcare/path/index.html]
[cumby.com/projects/k-12-education/dining-hall-episcopal-academy/index.html]
[cumby.com/projects/clubs-leisure/merion-cricket-club/index.html]
[cumby.com/projects/historic/the-mansion-building/index.html]
[cumby.com/projects/academic/the-inn-at-swarthmore/index.html]
[cumby.com/projects/k-12-education/learning-and-resource-center/index.html]
[cumby.com/projects/religious/trinity-episcopal-church/index.html]
[cumby.com/projects/academic/dana-hallowell-residence-hall/index.html]
[cumby.com/projects/k-12-education/student-commons-and-arts-center/index.html]
[cumby.com/projects/historic/kidzoou/index.html]
[cumby.com/projects/academic/kim-tritton-residence-halls/index.html]
[cumby.com/projects/leed-green-building/morris-arboretum-horticulture-center/index.html]
[cumby.com/projects/senior-living/the-glasstown-residence-at-river-park/index.html]
[cumby.com/projects/k-12-education/mollie-dodd-anderson-library/index.html]
[cumby.com/projects/corporate/dansko-corporate-headquarters/index.html]
[cumby.com/index72bd.html]
[cumby.com/projects/religious/st-davids-episcopal-church/index.html]
[cumby.com/projects/religious/bryn-mawr-presbyterian-church/index.html]
[cumby.com/projects/corporate/barthco-international-inc/index.html]
[cumby.com/index64b4.html]
[cumby.com/wp-content/themes/wscumby/images/lockup.svg]
[cumby.com/index0e62.html]
[cumby.com/indexe600.html]
[cumby.com/index678b.html]
[cumby.com/index341b.html]
[cumby.com/index3249.html]
[cumby.com/index83b3.html]
[cumby.com/index0c06.html]
[cumby.com/index0345.html]
[cumby.com/index88b9.html]
[cumby.com/index0b69.html]
[cumby.com/index2cf9.html]
[cumby.com/index3c55.html]
[cumby.com/index5643.html]
[cumby.com/wp-content/uploads/2018/02/service-icon-menu1.svg]
[cumby.com/wp-content/uploads/2018/02/service-icon-menu2.svg]
[cumby.com/wp-content/uploads/2018/02/service-icon-menu3.svg]
[cumby.com/wp-content/uploads/2018/02/service-icon-menu4.svg]
[cumby.com/wp-content/uploads/2018/02/service-icon-menu5.svg]
[cumby.com/wp-content/uploads/2018/02/service-icon-menu6.svg]
[cumby.com/wp-content/uploads/2018/02/service-icons-hero1.svg]
[cumby.com/wp-content/themes/wscumby/images/svg/pattern1.svg]
[cumby.com/wp-content/uploads/2018/02/service-icons-includes1.svg]
[cumby.com/index6c46.html]
[cumby.com/wp-content/uploads/2018/02/service-icons-hero2.svg]
[cumby.com/wp-content/uploads/2018/02/service-icons-includes2.svg]
[cumby.com/index1e7e.html]
[cumby.com/wp-content/uploads/2018/02/service-icons-hero3.svg]
[cumby.com/wp-content/uploads/2018/02/service-icons-includes3.svg]
[cumby.com/index0d0b.html]
[cumby.com/wp-content/uploads/2018/02/service-icons-hero5.svg]
[cumby.com/wp-content/uploads/2018/02/service-icons-includes4.svg]
[cumby.com/indexb93f.html]
[cumby.com/wp-content/uploads/2018/02/service-icons-hero4.svg]
[cumby.com/wp-content/uploads/2018/02/service-icons-includes5.svg]
[cumby.com/index3ba0.html]
[cumby.com/wp-content/uploads/2018/02/service-icons-hero6.svg]
[cumby.com/wp-content/uploads/2018/02/service-icons-includes6.svg]
[cumby.com/index49b1.html]
[cumby.com/wp-content/themes/wscumby/images/svg/pattern1-dark.svg]
[cumby.com/prequalification-form/index.html]
[cumby.com/see-whats-bidding/index.html]
[cumby.com/index0945.html]
[cumby.com/index7979.html]
[cumby.com/wp-content/themes/wscumby/index.html]
[cumby.com/index924f.html]
[cumby.com/indexc63a.html]
